Loading pretrained model
Loading datasets
Training every model parameter
Trainable parameters: 100.000% (596.050M/596.050M)
Starting training..., iters: 3
Calculating loss...:   0%|          | 0/2 [00:00<?, ?it/s]Calculating loss...:  50%|█████     | 1/2 [00:00<00:00,  8.85it/s]Calculating loss...: 100%|██████████| 2/2 [00:00<00:00,  9.41it/s]
Iter 1: Val loss 2.746, Val took 0.219s
Iter 1: Train loss 2.931, Learning Rate 1.000e-06, It/sec 0.865, Tokens/sec 70.072, Trained Tokens 81, Peak mem 4.867 GB
Iter 2: Train loss 2.846, Learning Rate 1.000e-06, It/sec 1.460, Tokens/sec 128.459, Trained Tokens 169, Peak mem 5.132 GB
Calculating loss...:   0%|          | 0/2 [00:00<?, ?it/s]Calculating loss...: 100%|██████████| 2/2 [00:00<00:00, 14.30it/s]Calculating loss...: 100%|██████████| 2/2 [00:00<00:00, 14.24it/s]
Iter 3: Val loss 2.425, Val took 0.144s
Iter 3: Train loss 2.474, Learning Rate 1.000e-06, It/sec 2.479, Tokens/sec 156.187, Trained Tokens 232, Peak mem 5.385 GB
Saved final weights to runs/iter008-adamw-probe/weights.safetensors.
Final Metal peak memory: 5.385 GB
real 4.30
user 1.01
sys 0.94
          1649442816  maximum resident set size
                   0  average shared memory size
                   0  average unshared data size
                   0  average unshared stack size
              183417  page reclaims
                 649  page faults
                   0  swaps
                   0  block input operations
                   0  block output operations
                   1  messages sent
                   1  messages received
                   1  signals received
                 787  voluntary context switches
               15465  involuntary context switches
           115050188  instructions retired
            48328287  cycles elapsed
            10764792  peak memory footprint
