mx.metal.device_info is deprecated and will be removed in a future version. Use mx.device_info instead.
Loading pretrained model
Loading datasets
Training every model parameter
Trainable parameters: 100.000% (596.050M/596.050M)
Starting training..., iters: 3
Calculating loss...:   0%|          | 0/1 [00:00<?, ?it/s]Calculating loss...: 100%|██████████| 1/1 [00:00<00:00,  3.82it/s]Calculating loss...: 100%|██████████| 1/1 [00:00<00:00,  3.82it/s]
Iter 1: Val loss 2.243, Val took 0.273s
Iter 1: Train loss 2.136, Learning Rate 1.000e-05, It/sec 0.781, Tokens/sec 64.041, Trained Tokens 82, Peak mem 2.998 GB
Iter 2: Train loss 4.694, Learning Rate 1.000e-05, It/sec 1.277, Tokens/sec 108.545, Trained Tokens 167, Peak mem 3.179 GB
Calculating loss...:   0%|          | 0/1 [00:00<?, ?it/s]Calculating loss...: 100%|██████████| 1/1 [00:00<00:00, 15.88it/s]
Iter 3: Val loss 6.508, Val took 0.065s
Iter 3: Train loss 6.040, Learning Rate 1.000e-05, It/sec 1.754, Tokens/sec 135.073, Trained Tokens 244, Peak mem 3.318 GB
mx.metal.get_peak_memory is deprecated and will be removed in a future version. Use mx.get_peak_memory instead.
Saved final weights to experiments/full_train_probe/output-all-seq256-seed17/weights.safetensors.
Final Metal peak memory: 3.318 GB
real 5.82
user 1.17
sys 1.22
          1420771328  maximum resident set size
                   0  average shared memory size
                   0  average unshared data size
                   0  average unshared stack size
              184915  page reclaims
                1363  page faults
                   0  swaps
                   0  block input operations
                   0  block output operations
                   1  messages sent
                   1  messages received
                   1  signals received
                4191  voluntary context switches
               19972  involuntary context switches
            99284013  instructions retired
            40799790  cycles elapsed
            10732048  peak memory footprint
