mx.metal.device_info is deprecated and will be removed in a future version. Use mx.device_info instead.
Loading pretrained model
Loading datasets
Training every model parameter
Trainable parameters: 100.000% (596.050M/596.050M)
Starting training..., iters: 3
[WARNING] Some sequences are longer than 1024 tokens. The longest sentence 1038 will be truncated to 1024. Consider pre-splitting your data to save memory.
Calculating loss...:   0%|          | 0/1 [00:00<?, ?it/s]Calculating loss...: 100%|██████████| 1/1 [00:00<00:00,  1.12it/s]Calculating loss...: 100%|██████████| 1/1 [00:00<00:00,  1.12it/s]
[WARNING] Some sequences are longer than 1024 tokens. The longest sentence 1037 will be truncated to 1024. Consider pre-splitting your data to save memory.
Iter 1: Val loss 0.822, Val took 0.901s
Iter 1: Train loss 0.968, Learning Rate 1.000e-05, It/sec 0.177, Tokens/sec 145.393, Trained Tokens 820, Peak mem 3.621 GB
[WARNING] Some sequences are longer than 1024 tokens. The longest sentence 1038 will be truncated to 1024. Consider pre-splitting your data to save memory.
Iter 2: Train loss 6.394, Learning Rate 1.000e-05, It/sec 0.196, Tokens/sec 121.437, Trained Tokens 1439, Peak mem 3.647 GB
[WARNING] Some sequences are longer than 1024 tokens. The longest sentence 1039 will be truncated to 1024. Consider pre-splitting your data to save memory.
Calculating loss...:   0%|          | 0/1 [00:00<?, ?it/s]Calculating loss...: 100%|██████████| 1/1 [00:00<00:00,  1.02it/s]Calculating loss...: 100%|██████████| 1/1 [00:00<00:00,  1.02it/s]
[WARNING] Some sequences are longer than 1024 tokens. The longest sentence 1039 will be truncated to 1024. Consider pre-splitting your data to save memory.
Iter 3: Val loss 3.139, Val took 0.985s
Iter 3: Train loss 3.181, Learning Rate 1.000e-05, It/sec 0.196, Tokens/sec 181.936, Trained Tokens 2368, Peak mem 3.647 GB
mx.metal.get_peak_memory is deprecated and will be removed in a future version. Use mx.get_peak_memory instead.
Saved final weights to experiments/full_train_probe/output-all-real1024-seed17/weights.safetensors.
Final Metal peak memory: 3.647 GB
real 21.74
user 2.12
sys 1.90
          1495515136  maximum resident set size
                   0  average shared memory size
                   0  average unshared data size
                   0  average unshared stack size
              178190  page reclaims
                1648  page faults
                   0  swaps
                   0  block input operations
                   0  block output operations
                   1  messages sent
                   1  messages received
                   1  signals received
                3836  voluntary context switches
               13605  involuntary context switches
           163685822  instructions retired
            76348616  cycles elapsed
            10732024  peak memory footprint
